// Jest Snapshot v1, https://goo.gl/fbAQLP

exports[`CreateWebpage.jsx Should display the CreateWebpage Component 1`] = `
Object {
  "asFragment": [Function],
  "baseElement": <body>
    <div>
      <div
        class="columns dashboard-layout"
      >
        <div
          class="column is-one-quarter-desktop"
        >
          <div
            class="dashboard-nav"
          >
            <div
              class="dashboard-nav-inner"
            >
              <ul
                data-submenu-title="Main"
              >
                <li>
                  <a
                    href="/dashboard/null"
                  >
                    <i
                      aria-hidden="true"
                      class="fa fa-tachometer"
                    />
                    Dashboard
                  </a>
                </li>
              </ul>
              <ul
                data-submenu-title="Webpages"
              >
                <li>
                  <a
                    href="/dashboard/null/webpages/new"
                  >
                    <i
                      aria-hidden="true"
                      class="fa fa-plus-square"
                    />
                    Create Webpage
                  </a>
                </li>
                <li>
                  <a
                    href="/dashboard/null/webpages"
                  >
                    <i
                      aria-hidden="true"
                      class="fa fa-th-list"
                    />
                    Your Webpages
                  </a>
                </li>
              </ul>
              <ul
                data-submenu-title="Settings"
              >
                <li>
                  <a
                    href="/dashboard/null/profile"
                  >
                    <i
                      aria-hidden="true"
                      class="fa fa-user"
                    />
                    Your Profile
                  </a>
                </li>
                <li>
                  <a
                    href="/logout"
                  >
                    <i
                      aria-hidden="true"
                      class="fa fa-power-off"
                    />
                    Logout
                  </a>
                </li>
              </ul>
            </div>
          </div>
        </div>
        <div
          class="column is-three-quarters-desktop"
        >
          <div
            class="dashboard-content"
          >
            <div
              class="dashboard-titlebar"
            >
              <div
                class="columns"
              >
                <div
                  class="column"
                >
                  <h2>
                    Create Webpage
                  </h2>
                  <a
                    href="/demo"
                  >
                    View Sample Webpage
                  </a>
                </div>
                <div
                  class="column"
                />
                <nav
                  aria-label="breadcrumbs"
                  class="column breadcrumb"
                >
                  <ul>
                    <li>
                      <a
                        href="/"
                      >
                        Home
                      </a>
                    </li>
                    <li>
                      <a
                        href="/dashboard/null"
                      >
                        Dashboard
                      </a>
                    </li>
                    <li>
                      <a
                        href="/dashboard/null/webpages/new"
                      >
                        Create Webpage
                      </a>
                    </li>
                  </ul>
                </nav>
              </div>
            </div>
            <div
              class="add-webpage-section"
            >
              <div
                class="add-webpage-headline"
              >
                <nav
                  aria-label="pagination"
                  class="pagination is-left"
                  role="navigation"
                >
                  <a
                    class="pagination-next"
                    href="/"
                  >
                    Preview Your Webpage
                  </a>
                  <ul
                    class="pagination-list"
                  >
                    <li>
                      <a
                        aria-label="Basic Info"
                        class="pagination-link"
                        href="/dashboard/null/webpages/new/basic-info"
                      >
                        <i
                          aria-hidden="true"
                          class="fa fa-globe"
                        />
                        Basic Info
                      </a>
                    </li>
                    <li>
                      <a
                        aria-label="Goto Contact Info"
                        class="pagination-link"
                        href="/dashboard/null/webpages/new/contact-info"
                      >
                        <i
                          aria-hidden="true"
                          class="fa fa-address-card-o"
                        />
                        Contact Info
                      </a>
                    </li>
                    <li>
                      <a
                        aria-label="Goto Gallery"
                        class="pagination-link"
                        href="/dashboard/null/webpages/new/gallery"
                      >
                        <i
                          aria-hidden="true"
                          class="fa fa-file-image-o"
                        />
                        Gallery
                      </a>
                    </li>
                    <li>
                      <a
                        aria-label="Goto Pricing"
                        class="pagination-link"
                        href="/dashboard/null/webpages/new/pricing"
                      >
                        <i
                          aria-hidden="true"
                          class="fa fa-money"
                        />
                        Pricing
                      </a>
                    </li>
                  </ul>
                </nav>
              </div>
              <div
                class="add-webpage-content"
              />
            </div>
          </div>
        </div>
      </div>
    </div>
  </body>,
  "container": <div>
    <div
      class="columns dashboard-layout"
    >
      <div
        class="column is-one-quarter-desktop"
      >
        <div
          class="dashboard-nav"
        >
          <div
            class="dashboard-nav-inner"
          >
            <ul
              data-submenu-title="Main"
            >
              <li>
                <a
                  href="/dashboard/null"
                >
                  <i
                    aria-hidden="true"
                    class="fa fa-tachometer"
                  />
                  Dashboard
                </a>
              </li>
            </ul>
            <ul
              data-submenu-title="Webpages"
            >
              <li>
                <a
                  href="/dashboard/null/webpages/new"
                >
                  <i
                    aria-hidden="true"
                    class="fa fa-plus-square"
                  />
                  Create Webpage
                </a>
              </li>
              <li>
                <a
                  href="/dashboard/null/webpages"
                >
                  <i
                    aria-hidden="true"
                    class="fa fa-th-list"
                  />
                  Your Webpages
                </a>
              </li>
            </ul>
            <ul
              data-submenu-title="Settings"
            >
              <li>
                <a
                  href="/dashboard/null/profile"
                >
                  <i
                    aria-hidden="true"
                    class="fa fa-user"
                  />
                  Your Profile
                </a>
              </li>
              <li>
                <a
                  href="/logout"
                >
                  <i
                    aria-hidden="true"
                    class="fa fa-power-off"
                  />
                  Logout
                </a>
              </li>
            </ul>
          </div>
        </div>
      </div>
      <div
        class="column is-three-quarters-desktop"
      >
        <div
          class="dashboard-content"
        >
          <div
            class="dashboard-titlebar"
          >
            <div
              class="columns"
            >
              <div
                class="column"
              >
                <h2>
                  Create Webpage
                </h2>
                <a
                  href="/demo"
                >
                  View Sample Webpage
                </a>
              </div>
              <div
                class="column"
              />
              <nav
                aria-label="breadcrumbs"
                class="column breadcrumb"
              >
                <ul>
                  <li>
                    <a
                      href="/"
                    >
                      Home
                    </a>
                  </li>
                  <li>
                    <a
                      href="/dashboard/null"
                    >
                      Dashboard
                    </a>
                  </li>
                  <li>
                    <a
                      href="/dashboard/null/webpages/new"
                    >
                      Create Webpage
                    </a>
                  </li>
                </ul>
              </nav>
            </div>
          </div>
          <div
            class="add-webpage-section"
          >
            <div
              class="add-webpage-headline"
            >
              <nav
                aria-label="pagination"
                class="pagination is-left"
                role="navigation"
              >
                <a
                  class="pagination-next"
                  href="/"
                >
                  Preview Your Webpage
                </a>
                <ul
                  class="pagination-list"
                >
                  <li>
                    <a
                      aria-label="Basic Info"
                      class="pagination-link"
                      href="/dashboard/null/webpages/new/basic-info"
                    >
                      <i
                        aria-hidden="true"
                        class="fa fa-globe"
                      />
                      Basic Info
                    </a>
                  </li>
                  <li>
                    <a
                      aria-label="Goto Contact Info"
                      class="pagination-link"
                      href="/dashboard/null/webpages/new/contact-info"
                    >
                      <i
                        aria-hidden="true"
                        class="fa fa-address-card-o"
                      />
                      Contact Info
                    </a>
                  </li>
                  <li>
                    <a
                      aria-label="Goto Gallery"
                      class="pagination-link"
                      href="/dashboard/null/webpages/new/gallery"
                    >
                      <i
                        aria-hidden="true"
                        class="fa fa-file-image-o"
                      />
                      Gallery
                    </a>
                  </li>
                  <li>
                    <a
                      aria-label="Goto Pricing"
                      class="pagination-link"
                      href="/dashboard/null/webpages/new/pricing"
                    >
                      <i
                        aria-hidden="true"
                        class="fa fa-money"
                      />
                      Pricing
                    </a>
                  </li>
                </ul>
              </nav>
            </div>
            <div
              class="add-webpage-content"
            />
          </div>
        </div>
      </div>
    </div>
  </div>,
  "debug": [Function],
  "findAllByAltText": [Function],
  "findAllByDisplayValue": [Function],
  "findAllByLabelText": [Function],
  "findAllByPlaceholderText": [Function],
  "findAllByRole": [Function],
  "findAllByTestId": [Function],
  "findAllByText": [Function],
  "findAllByTitle": [Function],
  "findByAltText": [Function],
  "findByDisplayValue": [Function],
  "findByLabelText": [Function],
  "findByPlaceholderText": [Function],
  "findByRole": [Function],
  "findByTestId": [Function],
  "findByText": [Function],
  "findByTitle": [Function],
  "getAllByAltText": [Function],
  "getAllByDisplayValue": [Function],
  "getAllByLabelText": [Function],
  "getAllByPlaceholderText": [Function],
  "getAllByRole": [Function],
  "getAllBySelectText": [Function],
  "getAllByTestId": [Function],
  "getAllByText": [Function],
  "getAllByTitle": [Function],
  "getAllByValue": [Function],
  "getByAltText": [Function],
  "getByDisplayValue": [Function],
  "getByLabelText": [Function],
  "getByPlaceholderText": [Function],
  "getByRole": [Function],
  "getBySelectText": [Function],
  "getByTestId": [Function],
  "getByText": [Function],
  "getByTitle": [Function],
  "getByValue": [Function],
  "queryAllByAltText": [Function],
  "queryAllByDisplayValue": [Function],
  "queryAllByLabelText": [Function],
  "queryAllByPlaceholderText": [Function],
  "queryAllByRole": [Function],
  "queryAllBySelectText": [Function],
  "queryAllByTestId": [Function],
  "queryAllByText": [Function],
  "queryAllByTitle": [Function],
  "queryAllByValue": [Function],
  "queryByAltText": [Function],
  "queryByDisplayValue": [Function],
  "queryByLabelText": [Function],
  "queryByPlaceholderText": [Function],
  "queryByRole": [Function],
  "queryBySelectText": [Function],
  "queryByTestId": [Function],
  "queryByText": [Function],
  "queryByTitle": [Function],
  "queryByValue": [Function],
  "rerender": [Function],
  "unmount": [Function],
}
`;
